Performing C SOURCE FILE Test CMAKE_HAVE_LIBC_PTHREAD failed with the following output:
Change Dir: /home/titouan/titou_project/build_windows/CMakeFiles/CMakeTmp

Run Build Command(s):/usr/bin/gmake -f Makefile cmTC_51a5d/fast && /usr/bin/gmake  -f CMakeFiles/cmTC_51a5d.dir/build.make CMakeFiles/cmTC_51a5d.dir/build
gmake[1]: Entering directory '/home/titouan/titou_project/build_windows/CMakeFiles/CMakeTmp'
Building C object CMakeFiles/cmTC_51a5d.dir/src.c.obj
/usr/bin/x86_64-w64-mingw32-gcc -DCMAKE_HAVE_LIBC_PTHREAD   -o CMakeFiles/cmTC_51a5d.dir/src.c.obj -c /home/titouan/titou_project/build_windows/CMakeFiles/CMakeTmp/src.c
Linking C executable cmTC_51a5d.exe
/usr/bin/cmake -E cmake_link_script CMakeFiles/cmTC_51a5d.dir/link.txt --verbose=1
/usr/bin/cmake -E rm -f CMakeFiles/cmTC_51a5d.dir/objects.a
/usr/bin/x86_64-w64-mingw32-ar qc CMakeFiles/cmTC_51a5d.dir/objects.a @CMakeFiles/cmTC_51a5d.dir/objects1.rsp
/usr/bin/x86_64-w64-mingw32-gcc -Wl,--whole-archive CMakeFiles/cmTC_51a5d.dir/objects.a -Wl,--no-whole-archive -o cmTC_51a5d.exe -Wl,--out-implib,libcmTC_51a5d.dll.a -Wl,--major-image-version,0,--minor-image-version,0 @CMakeFiles/cmTC_51a5d.dir/linklibs.rsp
/usr/bin/x86_64-w64-mingw32-ld: CMakeFiles/cmTC_51a5d.dir/objects.a(src.c.obj):src.c:(.text+0x35): undefined reference to `pthread_create'
/usr/bin/x86_64-w64-mingw32-ld: CMakeFiles/cmTC_51a5d.dir/objects.a(src.c.obj):src.c:(.text+0x41): undefined reference to `pthread_detach'
/usr/bin/x86_64-w64-mingw32-ld: CMakeFiles/cmTC_51a5d.dir/objects.a(src.c.obj):src.c:(.text+0x4d): undefined reference to `pthread_cancel'
/usr/bin/x86_64-w64-mingw32-ld: CMakeFiles/cmTC_51a5d.dir/objects.a(src.c.obj):src.c:(.text+0x5e): undefined reference to `pthread_join'
/usr/bin/x86_64-w64-mingw32-ld: CMakeFiles/cmTC_51a5d.dir/objects.a(src.c.obj):src.c:(.text+0x68): undefined reference to `pthread_exit'
collect2: error: ld returned 1 exit status
gmake[1]: *** [CMakeFiles/cmTC_51a5d.dir/build.make:101: cmTC_51a5d.exe] Error 1
gmake[1]: Leaving directory '/home/titouan/titou_project/build_windows/CMakeFiles/CMakeTmp'
gmake: *** [Makefile:127: cmTC_51a5d/fast] Error 2


Source file was:
#include <pthread.h>

static void* test_func(void* data)
{
  return data;
}

int main(void)
{
  pthread_t thread;
  pthread_create(&thread, NULL, test_func, NULL);
  pthread_detach(thread);
  pthread_cancel(thread);
  pthread_join(thread, NULL);
  pthread_atfork(NULL, NULL, NULL);
  pthread_exit(NULL);

  return 0;
}

Determining if the function pthread_create exists in the pthreads failed with the following output:
Change Dir: /home/titouan/titou_project/build_windows/CMakeFiles/CMakeTmp

Run Build Command(s):/usr/bin/gmake -f Makefile cmTC_5a6cb/fast && /usr/bin/gmake  -f CMakeFiles/cmTC_5a6cb.dir/build.make CMakeFiles/cmTC_5a6cb.dir/build
gmake[1]: Entering directory '/home/titouan/titou_project/build_windows/CMakeFiles/CMakeTmp'
Building C object CMakeFiles/cmTC_5a6cb.dir/CheckFunctionExists.c.obj
/usr/bin/x86_64-w64-mingw32-gcc   -DCHECK_FUNCTION_EXISTS=pthread_create -o CMakeFiles/cmTC_5a6cb.dir/CheckFunctionExists.c.obj -c /usr/share/cmake-3.22/Modules/CheckFunctionExists.c
Linking C executable cmTC_5a6cb.exe
/usr/bin/cmake -E cmake_link_script CMakeFiles/cmTC_5a6cb.dir/link.txt --verbose=1
/usr/bin/cmake -E rm -f CMakeFiles/cmTC_5a6cb.dir/objects.a
/usr/bin/x86_64-w64-mingw32-ar qc CMakeFiles/cmTC_5a6cb.dir/objects.a @CMakeFiles/cmTC_5a6cb.dir/objects1.rsp
/usr/bin/x86_64-w64-mingw32-gcc  -DCHECK_FUNCTION_EXISTS=pthread_create -Wl,--whole-archive CMakeFiles/cmTC_5a6cb.dir/objects.a -Wl,--no-whole-archive -o cmTC_5a6cb.exe -Wl,--out-implib,libcmTC_5a6cb.dll.a -Wl,--major-image-version,0,--minor-image-version,0 @CMakeFiles/cmTC_5a6cb.dir/linklibs.rsp
/usr/bin/x86_64-w64-mingw32-ld: cannot find -lpthreads: No such file or directory
collect2: error: ld returned 1 exit status
gmake[1]: *** [CMakeFiles/cmTC_5a6cb.dir/build.make:101: cmTC_5a6cb.exe] Error 1
gmake[1]: Leaving directory '/home/titouan/titou_project/build_windows/CMakeFiles/CMakeTmp'
gmake: *** [Makefile:127: cmTC_5a6cb/fast] Error 2



