The target system is: Windows -  - x86_64
The host system is: Linux - 6.8.0-110-generic - x86_64
Compiling the CXX compiler identification source file "CMakeCXXCompilerId.cpp" succeeded.
Compiler: /usr/bin/x86_64-w64-mingw32-g++ 
Build flags: 
Id flags:  

The output was:
0


Compilation of the CXX compiler identification source "CMakeCXXCompilerId.cpp" produced "a.exe"

The CXX compiler identification is GNU, found in "/home/titouan/titou_project/build_windows/CMakeFiles/3.22.1/CompilerIdCXX/a.exe"

Detecting CXX compiler ABI info compiled with the following output:
Change Dir: /home/titouan/titou_project/build_windows/CMakeFiles/CMakeTmp

Run Build Command(s):/usr/bin/gmake -f Makefile cmTC_d4ff0/fast && /usr/bin/gmake  -f CMakeFiles/cmTC_d4ff0.dir/build.make CMakeFiles/cmTC_d4ff0.dir/build
gmake[1]: Entering directory '/home/titouan/titou_project/build_windows/CMakeFiles/CMakeTmp'
Building CXX object CMakeFiles/cmTC_d4ff0.dir/CMakeCXXCompilerABI.cpp.obj
/usr/bin/x86_64-w64-mingw32-g++   -v -o CMakeFiles/cmTC_d4ff0.dir/CMakeCXXCompilerABI.cpp.obj -c /usr/share/cmake-3.22/Modules/CMakeCXXCompilerABI.cpp
Using built-in specs.
COLLECT_GCC=/usr/bin/x86_64-w64-mingw32-g++
Target: x86_64-w64-mingw32
Configured with: ../../src/configure --build=x86_64-linux-gnu --prefix=/usr --includedir='/usr/include' --mandir='/usr/share/man' --infodir='/usr/share/info' --sysconfdir=/etc --localstatedir=/var --disable-option-checking --disable-silent-rules --libdir='/usr/lib/x86_64-linux-gnu' --libexecdir='/usr/lib/x86_64-linux-gnu' --disable-maintainer-mode --disable-dependency-tracking --prefix=/usr --enable-shared --enable-static --disable-multilib --with-system-zlib --libexecdir=/usr/lib --without-included-gettext --libdir=/usr/lib --enable-libstdcxx-time=yes --with-tune=generic --with-headers --enable-version-specific-runtime-libs --enable-fully-dynamic-string --enable-libgomp --enable-languages=c,c++,fortran,objc,obj-c++,ada --enable-lto --enable-threads=win32 --program-suffix=-win32 --program-prefix=x86_64-w64-mingw32- --target=x86_64-w64-mingw32 --with-as=/usr/bin/x86_64-w64-mingw32-as --with-ld=/usr/bin/x86_64-w64-mingw32-ld --enable-libatomic --enable-libstdcxx-filesystem-ts=yes --enable-dependency-tracking SED=/bin/sed
Thread model: win32
Supported LTO compression algorithms: zlib
gcc version 10-win32 20220113 (GCC) 
COLLECT_GCC_OPTIONS='-v' '-o' 'CMakeFiles/cmTC_d4ff0.dir/CMakeCXXCompilerABI.cpp.obj' '-c' '-shared-libgcc' '-mtune=generic' '-march=x86-64'
 /usr/lib/gcc/x86_64-w64-mingw32/10-win32/cc1plus -quiet -v -U_REENTRANT /usr/share/cmake-3.22/Modules/CMakeCXXCompilerABI.cpp -quiet -dumpbase CMakeCXXCompilerABI.cpp -mtune=generic -march=x86-64 -auxbase-strip CMakeFiles/cmTC_d4ff0.dir/CMakeCXXCompilerABI.cpp.obj -version -o /tmp/ccirKIAk.s
GNU C++14 (GCC) version 10-win32 20220113 (x86_64-w64-mingw32)
	compiled by GNU C version 10.3.0, GMP version 6.2.1, MPFR version 4.1.0, MPC version 1.2.1, isl version isl-0.24-GMP

GGC heuristics: --param ggc-min-expand=100 --param ggc-min-heapsize=131072
ignoring nonexistent directory "/usr/lib/gcc/x86_64-w64-mingw32/10-win32/../../../../x86_64-w64-mingw32/sys-include"
#include "..." search starts here:
#include <...> search starts here:
 /usr/lib/gcc/x86_64-w64-mingw32/10-win32/include/c++
 /usr/lib/gcc/x86_64-w64-mingw32/10-win32/include/c++/x86_64-w64-mingw32
 /usr/lib/gcc/x86_64-w64-mingw32/10-win32/include/c++/backward
 /usr/lib/gcc/x86_64-w64-mingw32/10-win32/include
 /usr/lib/gcc/x86_64-w64-mingw32/10-win32/include-fixed
 /usr/lib/gcc/x86_64-w64-mingw32/10-win32/../../../../x86_64-w64-mingw32/include
End of search list.
GNU C++14 (GCC) version 10-win32 20220113 (x86_64-w64-mingw32)
	compiled by GNU C version 10.3.0, GMP version 6.2.1, MPFR version 4.1.0, MPC version 1.2.1, isl version isl-0.24-GMP

GGC heuristics: --param ggc-min-expand=100 --param ggc-min-heapsize=131072
Compiler executable checksum: ea21cbb57b378f33ce3fb4d699f383c0
COLLECT_GCC_OPTIONS='-v' '-o' 'CMakeFiles/cmTC_d4ff0.dir/CMakeCXXCompilerABI.cpp.obj' '-c' '-shared-libgcc' '-mtune=generic' '-march=x86-64'
 /usr/bin/x86_64-w64-mingw32-as -v -o CMakeFiles/cmTC_d4ff0.dir/CMakeCXXCompilerABI.cpp.obj /tmp/ccirKIAk.s
GNU assembler version 2.38 (x86_64-w64-mingw32) using BFD version (GNU Binutils) 2.38
COMPILER_PATH=/usr/lib/gcc/x86_64-w64-mingw32/10-win32/:/usr/lib/gcc/x86_64-w64-mingw32/10-win32/:/usr/lib/gcc/x86_64-w64-mingw32/:/usr/lib/gcc/x86_64-w64-mingw32/10-win32/:/usr/lib/gcc/x86_64-w64-mingw32/:/usr/lib/gcc/x86_64-w64-mingw32/10-win32/../../../../x86_64-w64-mingw32/bin/
LIBRARY_PATH=/usr/lib/gcc/x86_64-w64-mingw32/10-win32/:/usr/lib/gcc/x86_64-w64-mingw32/10-win32/../../../../x86_64-w64-mingw32/lib/
COLLECT_GCC_OPTIONS='-v' '-o' 'CMakeFiles/cmTC_d4ff0.dir/CMakeCXXCompilerABI.cpp.obj' '-c' '-shared-libgcc' '-mtune=generic' '-march=x86-64'
Linking CXX executable cmTC_d4ff0.exe
/usr/bin/cmake -E cmake_link_script CMakeFiles/cmTC_d4ff0.dir/link.txt --verbose=1
/usr/bin/cmake -E rm -f CMakeFiles/cmTC_d4ff0.dir/objects.a
/usr/bin/x86_64-w64-mingw32-ar qc CMakeFiles/cmTC_d4ff0.dir/objects.a @CMakeFiles/cmTC_d4ff0.dir/objects1.rsp
/usr/bin/x86_64-w64-mingw32-g++  -v -Wl,--whole-archive CMakeFiles/cmTC_d4ff0.dir/objects.a -Wl,--no-whole-archive -o cmTC_d4ff0.exe -Wl,--out-implib,libcmTC_d4ff0.dll.a -Wl,--major-image-version,0,--minor-image-version,0 
Using built-in specs.
COLLECT_GCC=/usr/bin/x86_64-w64-mingw32-g++
COLLECT_LTO_WRAPPER=/usr/lib/gcc/x86_64-w64-mingw32/10-win32/lto-wrapper
Target: x86_64-w64-mingw32
Configured with: ../../src/configure --build=x86_64-linux-gnu --prefix=/usr --includedir='/usr/include' --mandir='/usr/share/man' --infodir='/usr/share/info' --sysconfdir=/etc --localstatedir=/var --disable-option-checking --disable-silent-rules --libdir='/usr/lib/x86_64-linux-gnu' --libexecdir='/usr/lib/x86_64-linux-gnu' --disable-maintainer-mode --disable-dependency-tracking --prefix=/usr --enable-shared --enable-static --disable-multilib --with-system-zlib --libexecdir=/usr/lib --without-included-gettext --libdir=/usr/lib --enable-libstdcxx-time=yes --with-tune=generic --with-headers --enable-version-specific-runtime-libs --enable-fully-dynamic-string --enable-libgomp --enable-languages=c,c++,fortran,objc,obj-c++,ada --enable-lto --enable-threads=win32 --program-suffix=-win32 --program-prefix=x86_64-w64-mingw32- --target=x86_64-w64-mingw32 --with-as=/usr/bin/x86_64-w64-mingw32-as --with-ld=/usr/bin/x86_64-w64-mingw32-ld --enable-libatomic --enable-libstdcxx-filesystem-ts=yes --enable-dependency-tracking SED=/bin/sed
Thread model: win32
Supported LTO compression algorithms: zlib
gcc version 10-win32 20220113 (GCC) 
COMPILER_PATH=/usr/lib/gcc/x86_64-w64-mingw32/10-win32/:/usr/lib/gcc/x86_64-w64-mingw32/10-win32/:/usr/lib/gcc/x86_64-w64-mingw32/:/usr/lib/gcc/x86_64-w64-mingw32/10-win32/:/usr/lib/gcc/x86_64-w64-mingw32/:/usr/lib/gcc/x86_64-w64-mingw32/10-win32/../../../../x86_64-w64-mingw32/bin/
LIBRARY_PATH=/usr/lib/gcc/x86_64-w64-mingw32/10-win32/:/usr/lib/gcc/x86_64-w64-mingw32/10-win32/../../../../x86_64-w64-mingw32/lib/
COLLECT_GCC_OPTIONS='-v' '-o' 'cmTC_d4ff0.exe' '-shared-libgcc' '-mtune=generic' '-march=x86-64'
 /usr/lib/gcc/x86_64-w64-mingw32/10-win32/collect2 -plugin /usr/lib/gcc/x86_64-w64-mingw32/10-win32/liblto_plugin.so -plugin-opt=/usr/lib/gcc/x86_64-w64-mingw32/10-win32/lto-wrapper -plugin-opt=-fresolution=/tmp/cc2IVHBv.res -plugin-opt=-pass-through=-lmingw32 -plugin-opt=-pass-through=-lgcc_s -plugin-opt=-pass-through=-lgcc -plugin-opt=-pass-through=-lmoldname -plugin-opt=-pass-through=-lmingwex -plugin-opt=-pass-through=-lmsvcrt -plugin-opt=-pass-through=-ladvapi32 -plugin-opt=-pass-through=-lshell32 -plugin-opt=-pass-through=-luser32 -plugin-opt=-pass-through=-lkernel32 -plugin-opt=-pass-through=-lmingw32 -plugin-opt=-pass-through=-lgcc_s -plugin-opt=-pass-through=-lgcc -plugin-opt=-pass-through=-lmoldname -plugin-opt=-pass-through=-lmingwex -plugin-opt=-pass-through=-lmsvcrt -m i386pep -Bdynamic -o cmTC_d4ff0.exe /usr/lib/gcc/x86_64-w64-mingw32/10-win32/../../../../x86_64-w64-mingw32/lib/crt2.o /usr/lib/gcc/x86_64-w64-mingw32/10-win32/crtbegin.o -L/usr/lib/gcc/x86_64-w64-mingw32/10-win32 -L/usr/lib/gcc/x86_64-w64-mingw32/10-win32/../../../../x86_64-w64-mingw32/lib --whole-archive CMakeFiles/cmTC_d4ff0.dir/objects.a --no-whole-archive --out-implib libcmTC_d4ff0.dll.a --major-image-version 0 --minor-image-version 0 -lstdc++ -lmingw32 -lgcc_s -lgcc -lmoldname -lmingwex -lmsvcrt -ladvapi32 -lshell32 -luser32 -lkernel32 -lmingw32 -lgcc_s -lgcc -lmoldname -lmingwex -lmsvcrt /usr/lib/gcc/x86_64-w64-mingw32/10-win32/crtend.o
COLLECT_GCC_OPTIONS='-v' '-o' 'cmTC_d4ff0.exe' '-shared-libgcc' '-mtune=generic' '-march=x86-64'
gmake[1]: Leaving directory '/home/titouan/titou_project/build_windows/CMakeFiles/CMakeTmp'



Parsed CXX implicit include dir info from above output: rv=done
  found start of include info
  found start of implicit include info
    add: [/usr/lib/gcc/x86_64-w64-mingw32/10-win32/include/c++]
    add: [/usr/lib/gcc/x86_64-w64-mingw32/10-win32/include/c++/x86_64-w64-mingw32]
    add: [/usr/lib/gcc/x86_64-w64-mingw32/10-win32/include/c++/backward]
    add: [/usr/lib/gcc/x86_64-w64-mingw32/10-win32/include]
    add: [/usr/lib/gcc/x86_64-w64-mingw32/10-win32/include-fixed]
    add: [/usr/lib/gcc/x86_64-w64-mingw32/10-win32/../../../../x86_64-w64-mingw32/include]
  end of search list found
  collapse include dir [/usr/lib/gcc/x86_64-w64-mingw32/10-win32/include/c++] ==> [/usr/lib/gcc/x86_64-w64-mingw32/10-win32/include/c++]
  collapse include dir [/usr/lib/gcc/x86_64-w64-mingw32/10-win32/include/c++/x86_64-w64-mingw32] ==> [/usr/lib/gcc/x86_64-w64-mingw32/10-win32/include/c++/x86_64-w64-mingw32]
  collapse include dir [/usr/lib/gcc/x86_64-w64-mingw32/10-win32/include/c++/backward] ==> [/usr/lib/gcc/x86_64-w64-mingw32/10-win32/include/c++/backward]
  collapse include dir [/usr/lib/gcc/x86_64-w64-mingw32/10-win32/include] ==> [/usr/lib/gcc/x86_64-w64-mingw32/10-win32/include]
  collapse include dir [/usr/lib/gcc/x86_64-w64-mingw32/10-win32/include-fixed] ==> [/usr/lib/gcc/x86_64-w64-mingw32/10-win32/include-fixed]
  collapse include dir [/usr/lib/gcc/x86_64-w64-mingw32/10-win32/../../../../x86_64-w64-mingw32/include] ==> [/usr/x86_64-w64-mingw32/include]
  implicit include dirs: [/usr/lib/gcc/x86_64-w64-mingw32/10-win32/include/c++;/usr/lib/gcc/x86_64-w64-mingw32/10-win32/include/c++/x86_64-w64-mingw32;/usr/lib/gcc/x86_64-w64-mingw32/10-win32/include/c++/backward;/usr/lib/gcc/x86_64-w64-mingw32/10-win32/include;/usr/lib/gcc/x86_64-w64-mingw32/10-win32/include-fixed;/usr/x86_64-w64-mingw32/include]


Parsed CXX implicit link information from above output:
  link line regex: [^( *|.*[/\])(x86_64-w64-mingw32-ld|CMAKE_LINK_STARTFILE-NOTFOUND|([^/\]+-)?ld|collect2)[^/\]*( |$)]
  ignore line: [Change Dir: /home/titouan/titou_project/build_windows/CMakeFiles/CMakeTmp]
  ignore line: []
  ignore line: [Run Build Command(s):/usr/bin/gmake -f Makefile cmTC_d4ff0/fast && /usr/bin/gmake  -f CMakeFiles/cmTC_d4ff0.dir/build.make CMakeFiles/cmTC_d4ff0.dir/build]
  ignore line: [gmake[1]: Entering directory '/home/titouan/titou_project/build_windows/CMakeFiles/CMakeTmp']
  ignore line: [Building CXX object CMakeFiles/cmTC_d4ff0.dir/CMakeCXXCompilerABI.cpp.obj]
  ignore line: [/usr/bin/x86_64-w64-mingw32-g++   -v -o CMakeFiles/cmTC_d4ff0.dir/CMakeCXXCompilerABI.cpp.obj -c /usr/share/cmake-3.22/Modules/CMakeCXXCompilerABI.cpp]
  ignore line: [Using built-in specs.]
  ignore line: [COLLECT_GCC=/usr/bin/x86_64-w64-mingw32-g++]
  ignore line: [Target: x86_64-w64-mingw32]
  ignore line: [Configured with: ../../src/configure --build=x86_64-linux-gnu --prefix=/usr --includedir='/usr/include' --mandir='/usr/share/man' --infodir='/usr/share/info' --sysconfdir=/etc --localstatedir=/var --disable-option-checking --disable-silent-rules --libdir='/usr/lib/x86_64-linux-gnu' --libexecdir='/usr/lib/x86_64-linux-gnu' --disable-maintainer-mode --disable-dependency-tracking --prefix=/usr --enable-shared --enable-static --disable-multilib --with-system-zlib --libexecdir=/usr/lib --without-included-gettext --libdir=/usr/lib --enable-libstdcxx-time=yes --with-tune=generic --with-headers --enable-version-specific-runtime-libs --enable-fully-dynamic-string --enable-libgomp --enable-languages=c,c++,fortran,objc,obj-c++,ada --enable-lto --enable-threads=win32 --program-suffix=-win32 --program-prefix=x86_64-w64-mingw32- --target=x86_64-w64-mingw32 --with-as=/usr/bin/x86_64-w64-mingw32-as --with-ld=/usr/bin/x86_64-w64-mingw32-ld --enable-libatomic --enable-libstdcxx-filesystem-ts=yes --enable-dependency-tracking SED=/bin/sed]
  ignore line: [Thread model: win32]
  ignore line: [Supported LTO compression algorithms: zlib]
  ignore line: [gcc version 10-win32 20220113 (GCC) ]
  ignore line: [COLLECT_GCC_OPTIONS='-v' '-o' 'CMakeFiles/cmTC_d4ff0.dir/CMakeCXXCompilerABI.cpp.obj' '-c' '-shared-libgcc' '-mtune=generic' '-march=x86-64']
  ignore line: [ /usr/lib/gcc/x86_64-w64-mingw32/10-win32/cc1plus -quiet -v -U_REENTRANT /usr/share/cmake-3.22/Modules/CMakeCXXCompilerABI.cpp -quiet -dumpbase CMakeCXXCompilerABI.cpp -mtune=generic -march=x86-64 -auxbase-strip CMakeFiles/cmTC_d4ff0.dir/CMakeCXXCompilerABI.cpp.obj -version -o /tmp/ccirKIAk.s]
  ignore line: [GNU C++14 (GCC) version 10-win32 20220113 (x86_64-w64-mingw32)]
  ignore line: [	compiled by GNU C version 10.3.0  GMP version 6.2.1  MPFR version 4.1.0  MPC version 1.2.1  isl version isl-0.24-GMP]
  ignore line: []
  ignore line: [GGC heuristics: --param ggc-min-expand=100 --param ggc-min-heapsize=131072]
  ignore line: [ignoring nonexistent directory "/usr/lib/gcc/x86_64-w64-mingw32/10-win32/../../../../x86_64-w64-mingw32/sys-include"]
  ignore line: [#include "..." search starts here:]
  ignore line: [#include <...> search starts here:]
  ignore line: [ /usr/lib/gcc/x86_64-w64-mingw32/10-win32/include/c++]
  ignore line: [ /usr/lib/gcc/x86_64-w64-mingw32/10-win32/include/c++/x86_64-w64-mingw32]
  ignore line: [ /usr/lib/gcc/x86_64-w64-mingw32/10-win32/include/c++/backward]
  ignore line: [ /usr/lib/gcc/x86_64-w64-mingw32/10-win32/include]
  ignore line: [ /usr/lib/gcc/x86_64-w64-mingw32/10-win32/include-fixed]
  ignore line: [ /usr/lib/gcc/x86_64-w64-mingw32/10-win32/../../../../x86_64-w64-mingw32/include]
  ignore line: [End of search list.]
  ignore line: [GNU C++14 (GCC) version 10-win32 20220113 (x86_64-w64-mingw32)]
  ignore line: [	compiled by GNU C version 10.3.0  GMP version 6.2.1  MPFR version 4.1.0  MPC version 1.2.1  isl version isl-0.24-GMP]
  ignore line: []
  ignore line: [GGC heuristics: --param ggc-min-expand=100 --param ggc-min-heapsize=131072]
  ignore line: [Compiler executable checksum: ea21cbb57b378f33ce3fb4d699f383c0]
  ignore line: [COLLECT_GCC_OPTIONS='-v' '-o' 'CMakeFiles/cmTC_d4ff0.dir/CMakeCXXCompilerABI.cpp.obj' '-c' '-shared-libgcc' '-mtune=generic' '-march=x86-64']
  ignore line: [ /usr/bin/x86_64-w64-mingw32-as -v -o CMakeFiles/cmTC_d4ff0.dir/CMakeCXXCompilerABI.cpp.obj /tmp/ccirKIAk.s]
  ignore line: [GNU assembler version 2.38 (x86_64-w64-mingw32) using BFD version (GNU Binutils) 2.38]
  ignore line: [COMPILER_PATH=/usr/lib/gcc/x86_64-w64-mingw32/10-win32/:/usr/lib/gcc/x86_64-w64-mingw32/10-win32/:/usr/lib/gcc/x86_64-w64-mingw32/:/usr/lib/gcc/x86_64-w64-mingw32/10-win32/:/usr/lib/gcc/x86_64-w64-mingw32/:/usr/lib/gcc/x86_64-w64-mingw32/10-win32/../../../../x86_64-w64-mingw32/bin/]
  ignore line: [LIBRARY_PATH=/usr/lib/gcc/x86_64-w64-mingw32/10-win32/:/usr/lib/gcc/x86_64-w64-mingw32/10-win32/../../../../x86_64-w64-mingw32/lib/]
  ignore line: [COLLECT_GCC_OPTIONS='-v' '-o' 'CMakeFiles/cmTC_d4ff0.dir/CMakeCXXCompilerABI.cpp.obj' '-c' '-shared-libgcc' '-mtune=generic' '-march=x86-64']
  ignore line: [Linking CXX executable cmTC_d4ff0.exe]
  ignore line: [/usr/bin/cmake -E cmake_link_script CMakeFiles/cmTC_d4ff0.dir/link.txt --verbose=1]
  ignore line: [/usr/bin/cmake -E rm -f CMakeFiles/cmTC_d4ff0.dir/objects.a]
  ignore line: [/usr/bin/x86_64-w64-mingw32-ar qc CMakeFiles/cmTC_d4ff0.dir/objects.a @CMakeFiles/cmTC_d4ff0.dir/objects1.rsp]
  ignore line: [/usr/bin/x86_64-w64-mingw32-g++  -v -Wl --whole-archive CMakeFiles/cmTC_d4ff0.dir/objects.a -Wl --no-whole-archive -o cmTC_d4ff0.exe -Wl --out-implib libcmTC_d4ff0.dll.a -Wl --major-image-version 0 --minor-image-version 0 ]
  ignore line: [Using built-in specs.]
  ignore line: [COLLECT_GCC=/usr/bin/x86_64-w64-mingw32-g++]
  ignore line: [COLLECT_LTO_WRAPPER=/usr/lib/gcc/x86_64-w64-mingw32/10-win32/lto-wrapper]
  ignore line: [Target: x86_64-w64-mingw32]
  ignore line: [Configured with: ../../src/configure --build=x86_64-linux-gnu --prefix=/usr --includedir='/usr/include' --mandir='/usr/share/man' --infodir='/usr/share/info' --sysconfdir=/etc --localstatedir=/var --disable-option-checking --disable-silent-rules --libdir='/usr/lib/x86_64-linux-gnu' --libexecdir='/usr/lib/x86_64-linux-gnu' --disable-maintainer-mode --disable-dependency-tracking --prefix=/usr --enable-shared --enable-static --disable-multilib --with-system-zlib --libexecdir=/usr/lib --without-included-gettext --libdir=/usr/lib --enable-libstdcxx-time=yes --with-tune=generic --with-headers --enable-version-specific-runtime-libs --enable-fully-dynamic-string --enable-libgomp --enable-languages=c,c++,fortran,objc,obj-c++,ada --enable-lto --enable-threads=win32 --program-suffix=-win32 --program-prefix=x86_64-w64-mingw32- --target=x86_64-w64-mingw32 --with-as=/usr/bin/x86_64-w64-mingw32-as --with-ld=/usr/bin/x86_64-w64-mingw32-ld --enable-libatomic --enable-libstdcxx-filesystem-ts=yes --enable-dependency-tracking SED=/bin/sed]
  ignore line: [Thread model: win32]
  ignore line: [Supported LTO compression algorithms: zlib]
  ignore line: [gcc version 10-win32 20220113 (GCC) ]
  ignore line: [COMPILER_PATH=/usr/lib/gcc/x86_64-w64-mingw32/10-win32/:/usr/lib/gcc/x86_64-w64-mingw32/10-win32/:/usr/lib/gcc/x86_64-w64-mingw32/:/usr/lib/gcc/x86_64-w64-mingw32/10-win32/:/usr/lib/gcc/x86_64-w64-mingw32/:/usr/lib/gcc/x86_64-w64-mingw32/10-win32/../../../../x86_64-w64-mingw32/bin/]
  ignore line: [LIBRARY_PATH=/usr/lib/gcc/x86_64-w64-mingw32/10-win32/:/usr/lib/gcc/x86_64-w64-mingw32/10-win32/../../../../x86_64-w64-mingw32/lib/]
  ignore line: [COLLECT_GCC_OPTIONS='-v' '-o' 'cmTC_d4ff0.exe' '-shared-libgcc' '-mtune=generic' '-march=x86-64']
  link line: [ /usr/lib/gcc/x86_64-w64-mingw32/10-win32/collect2 -plugin /usr/lib/gcc/x86_64-w64-mingw32/10-win32/liblto_plugin.so -plugin-opt=/usr/lib/gcc/x86_64-w64-mingw32/10-win32/lto-wrapper -plugin-opt=-fresolution=/tmp/cc2IVHBv.res -plugin-opt=-pass-through=-lmingw32 -plugin-opt=-pass-through=-lgcc_s -plugin-opt=-pass-through=-lgcc -plugin-opt=-pass-through=-lmoldname -plugin-opt=-pass-through=-lmingwex -plugin-opt=-pass-through=-lmsvcrt -plugin-opt=-pass-through=-ladvapi32 -plugin-opt=-pass-through=-lshell32 -plugin-opt=-pass-through=-luser32 -plugin-opt=-pass-through=-lkernel32 -plugin-opt=-pass-through=-lmingw32 -plugin-opt=-pass-through=-lgcc_s -plugin-opt=-pass-through=-lgcc -plugin-opt=-pass-through=-lmoldname -plugin-opt=-pass-through=-lmingwex -plugin-opt=-pass-through=-lmsvcrt -m i386pep -Bdynamic -o cmTC_d4ff0.exe /usr/lib/gcc/x86_64-w64-mingw32/10-win32/../../../../x86_64-w64-mingw32/lib/crt2.o /usr/lib/gcc/x86_64-w64-mingw32/10-win32/crtbegin.o -L/usr/lib/gcc/x86_64-w64-mingw32/10-win32 -L/usr/lib/gcc/x86_64-w64-mingw32/10-win32/../../../../x86_64-w64-mingw32/lib --whole-archive CMakeFiles/cmTC_d4ff0.dir/objects.a --no-whole-archive --out-implib libcmTC_d4ff0.dll.a --major-image-version 0 --minor-image-version 0 -lstdc++ -lmingw32 -lgcc_s -lgcc -lmoldname -lmingwex -lmsvcrt -ladvapi32 -lshell32 -luser32 -lkernel32 -lmingw32 -lgcc_s -lgcc -lmoldname -lmingwex -lmsvcrt /usr/lib/gcc/x86_64-w64-mingw32/10-win32/crtend.o]
    arg [/usr/lib/gcc/x86_64-w64-mingw32/10-win32/collect2] ==> ignore
    arg [-plugin] ==> ignore
    arg [/usr/lib/gcc/x86_64-w64-mingw32/10-win32/liblto_plugin.so] ==> ignore
    arg [-plugin-opt=/usr/lib/gcc/x86_64-w64-mingw32/10-win32/lto-wrapper] ==> ignore
    arg [-plugin-opt=-fresolution=/tmp/cc2IVHBv.res] ==> ignore
    arg [-plugin-opt=-pass-through=-lmingw32] ==> ignore
    arg [-plugin-opt=-pass-through=-lgcc_s] ==> ignore
    arg [-plugin-opt=-pass-through=-lgcc] ==> ignore
    arg [-plugin-opt=-pass-through=-lmoldname] ==> ignore
    arg [-plugin-opt=-pass-through=-lmingwex] ==> ignore
    arg [-plugin-opt=-pass-through=-lmsvcrt] ==> ignore
    arg [-plugin-opt=-pass-through=-ladvapi32] ==> ignore
    arg [-plugin-opt=-pass-through=-lshell32] ==> ignore
    arg [-plugin-opt=-pass-through=-luser32] ==> ignore
    arg [-plugin-opt=-pass-through=-lkernel32] ==> ignore
    arg [-plugin-opt=-pass-through=-lmingw32] ==> ignore
    arg [-plugin-opt=-pass-through=-lgcc_s] ==> ignore
    arg [-plugin-opt=-pass-through=-lgcc] ==> ignore
    arg [-plugin-opt=-pass-through=-lmoldname] ==> ignore
    arg [-plugin-opt=-pass-through=-lmingwex] ==> ignore
    arg [-plugin-opt=-pass-through=-lmsvcrt] ==> ignore
    arg [-m] ==> ignore
    arg [i386pep] ==> ignore
    arg [-Bdynamic] ==> search dynamic
    arg [-o] ==> ignore
    arg [cmTC_d4ff0.exe] ==> ignore
    arg [/usr/lib/gcc/x86_64-w64-mingw32/10-win32/../../../../x86_64-w64-mingw32/lib/crt2.o] ==> obj [/usr/lib/gcc/x86_64-w64-mingw32/10-win32/../../../../x86_64-w64-mingw32/lib/crt2.o]
    arg [/usr/lib/gcc/x86_64-w64-mingw32/10-win32/crtbegin.o] ==> obj [/usr/lib/gcc/x86_64-w64-mingw32/10-win32/crtbegin.o]
    arg [-L/usr/lib/gcc/x86_64-w64-mingw32/10-win32] ==> dir [/usr/lib/gcc/x86_64-w64-mingw32/10-win32]
    arg [-L/usr/lib/gcc/x86_64-w64-mingw32/10-win32/../../../../x86_64-w64-mingw32/lib] ==> dir [/usr/lib/gcc/x86_64-w64-mingw32/10-win32/../../../../x86_64-w64-mingw32/lib]
    arg [--whole-archive] ==> ignore
    arg [CMakeFiles/cmTC_d4ff0.dir/objects.a] ==> ignore
    arg [--no-whole-archive] ==> ignore
    arg [--out-implib] ==> ignore
    arg [libcmTC_d4ff0.dll.a] ==> ignore
    arg [--major-image-version] ==> ignore
    arg [0] ==> ignore
    arg [--minor-image-version] ==> ignore
    arg [0] ==> ignore
    arg [-lstdc++] ==> lib [stdc++]
    arg [-lmingw32] ==> lib [mingw32]
    arg [-lgcc_s] ==> lib [gcc_s]
    arg [-lgcc] ==> lib [gcc]
    arg [-lmoldname] ==> lib [moldname]
    arg [-lmingwex] ==> lib [mingwex]
    arg [-lmsvcrt] ==> lib [msvcrt]
    arg [-ladvapi32] ==> lib [advapi32]
    arg [-lshell32] ==> lib [shell32]
    arg [-luser32] ==> lib [user32]
    arg [-lkernel32] ==> lib [kernel32]
    arg [-lmingw32] ==> lib [mingw32]
    arg [-lgcc_s] ==> lib [gcc_s]
    arg [-lgcc] ==> lib [gcc]
    arg [-lmoldname] ==> lib [moldname]
    arg [-lmingwex] ==> lib [mingwex]
    arg [-lmsvcrt] ==> lib [msvcrt]
    arg [/usr/lib/gcc/x86_64-w64-mingw32/10-win32/crtend.o] ==> obj [/usr/lib/gcc/x86_64-w64-mingw32/10-win32/crtend.o]
  remove lib [msvcrt]
  remove lib [msvcrt]
  collapse obj [/usr/lib/gcc/x86_64-w64-mingw32/10-win32/../../../../x86_64-w64-mingw32/lib/crt2.o] ==> [/usr/x86_64-w64-mingw32/lib/crt2.o]
  collapse library dir [/usr/lib/gcc/x86_64-w64-mingw32/10-win32] ==> [/usr/lib/gcc/x86_64-w64-mingw32/10-win32]
  collapse library dir [/usr/lib/gcc/x86_64-w64-mingw32/10-win32/../../../../x86_64-w64-mingw32/lib] ==> [/usr/x86_64-w64-mingw32/lib]
  implicit libs: [stdc++;mingw32;gcc_s;gcc;moldname;mingwex;advapi32;shell32;user32;kernel32;mingw32;gcc_s;gcc;moldname;mingwex]
  implicit objs: [/usr/x86_64-w64-mingw32/lib/crt2.o;/usr/lib/gcc/x86_64-w64-mingw32/10-win32/crtbegin.o;/usr/lib/gcc/x86_64-w64-mingw32/10-win32/crtend.o]
  implicit dirs: [/usr/lib/gcc/x86_64-w64-mingw32/10-win32;/usr/x86_64-w64-mingw32/lib]
  implicit fwks: []


Compiling the C compiler identification source file "CMakeCCompilerId.c" succeeded.
Compiler: /usr/bin/x86_64-w64-mingw32-gcc 
Build flags: 
Id flags:  

The output was:
0


Compilation of the C compiler identification source "CMakeCCompilerId.c" produced "a.exe"

The C compiler identification is GNU, found in "/home/titouan/titou_project/build_windows/CMakeFiles/3.22.1/CompilerIdC/a.exe"

Detecting C compiler ABI info compiled with the following output:
Change Dir: /home/titouan/titou_project/build_windows/CMakeFiles/CMakeTmp

Run Build Command(s):/usr/bin/gmake -f Makefile cmTC_294aa/fast && /usr/bin/gmake  -f CMakeFiles/cmTC_294aa.dir/build.make CMakeFiles/cmTC_294aa.dir/build
gmake[1]: Entering directory '/home/titouan/titou_project/build_windows/CMakeFiles/CMakeTmp'
Building C object CMakeFiles/cmTC_294aa.dir/CMakeCCompilerABI.c.obj
/usr/bin/x86_64-w64-mingw32-gcc   -v -o CMakeFiles/cmTC_294aa.dir/CMakeCCompilerABI.c.obj -c /usr/share/cmake-3.22/Modules/CMakeCCompilerABI.c
Using built-in specs.
COLLECT_GCC=/usr/bin/x86_64-w64-mingw32-gcc
Target: x86_64-w64-mingw32
Configured with: ../../src/configure --build=x86_64-linux-gnu --prefix=/usr --includedir='/usr/include' --mandir='/usr/share/man' --infodir='/usr/share/info' --sysconfdir=/etc --localstatedir=/var --disable-option-checking --disable-silent-rules --libdir='/usr/lib/x86_64-linux-gnu' --libexecdir='/usr/lib/x86_64-linux-gnu' --disable-maintainer-mode --disable-dependency-tracking --prefix=/usr --enable-shared --enable-static --disable-multilib --with-system-zlib --libexecdir=/usr/lib --without-included-gettext --libdir=/usr/lib --enable-libstdcxx-time=yes --with-tune=generic --with-headers --enable-version-specific-runtime-libs --enable-fully-dynamic-string --enable-libgomp --enable-languages=c,c++,fortran,objc,obj-c++,ada --enable-lto --enable-threads=win32 --program-suffix=-win32 --program-prefix=x86_64-w64-mingw32- --target=x86_64-w64-mingw32 --with-as=/usr/bin/x86_64-w64-mingw32-as --with-ld=/usr/bin/x86_64-w64-mingw32-ld --enable-libatomic --enable-libstdcxx-filesystem-ts=yes --enable-dependency-tracking SED=/bin/sed
Thread model: win32
Supported LTO compression algorithms: zlib
gcc version 10-win32 20220113 (GCC) 
COLLECT_GCC_OPTIONS='-v' '-o' 'CMakeFiles/cmTC_294aa.dir/CMakeCCompilerABI.c.obj' '-c' '-mtune=generic' '-march=x86-64'
 /usr/lib/gcc/x86_64-w64-mingw32/10-win32/cc1 -quiet -v -U_REENTRANT /usr/share/cmake-3.22/Modules/CMakeCCompilerABI.c -quiet -dumpbase CMakeCCompilerABI.c -mtune=generic -march=x86-64 -auxbase-strip CMakeFiles/cmTC_294aa.dir/CMakeCCompilerABI.c.obj -version -o /tmp/ccEiQ9IT.s
GNU C17 (GCC) version 10-win32 20220113 (x86_64-w64-mingw32)
	compiled by GNU C version 10.3.0, GMP version 6.2.1, MPFR version 4.1.0, MPC version 1.2.1, isl version isl-0.24-GMP

GGC heuristics: --param ggc-min-expand=100 --param ggc-min-heapsize=131072
ignoring nonexistent directory "/usr/lib/gcc/x86_64-w64-mingw32/10-win32/../../../../x86_64-w64-mingw32/sys-include"
#include "..." search starts here:
#include <...> search starts here:
 /usr/lib/gcc/x86_64-w64-mingw32/10-win32/include
 /usr/lib/gcc/x86_64-w64-mingw32/10-win32/include-fixed
 /usr/lib/gcc/x86_64-w64-mingw32/10-win32/../../../../x86_64-w64-mingw32/include
End of search list.
GNU C17 (GCC) version 10-win32 20220113 (x86_64-w64-mingw32)
	compiled by GNU C version 10.3.0, GMP version 6.2.1, MPFR version 4.1.0, MPC version 1.2.1, isl version isl-0.24-GMP

GGC heuristics: --param ggc-min-expand=100 --param ggc-min-heapsize=131072
Compiler executable checksum: 540c311885c0710cac74cf12fb1ae6c1
COLLECT_GCC_OPTIONS='-v' '-o' 'CMakeFiles/cmTC_294aa.dir/CMakeCCompilerABI.c.obj' '-c' '-mtune=generic' '-march=x86-64'
 /usr/bin/x86_64-w64-mingw32-as -v -o CMakeFiles/cmTC_294aa.dir/CMakeCCompilerABI.c.obj /tmp/ccEiQ9IT.s
GNU assembler version 2.38 (x86_64-w64-mingw32) using BFD version (GNU Binutils) 2.38
COMPILER_PATH=/usr/lib/gcc/x86_64-w64-mingw32/10-win32/:/usr/lib/gcc/x86_64-w64-mingw32/10-win32/:/usr/lib/gcc/x86_64-w64-mingw32/:/usr/lib/gcc/x86_64-w64-mingw32/10-win32/:/usr/lib/gcc/x86_64-w64-mingw32/:/usr/lib/gcc/x86_64-w64-mingw32/10-win32/../../../../x86_64-w64-mingw32/bin/
LIBRARY_PATH=/usr/lib/gcc/x86_64-w64-mingw32/10-win32/:/usr/lib/gcc/x86_64-w64-mingw32/10-win32/../../../../x86_64-w64-mingw32/lib/
COLLECT_GCC_OPTIONS='-v' '-o' 'CMakeFiles/cmTC_294aa.dir/CMakeCCompilerABI.c.obj' '-c' '-mtune=generic' '-march=x86-64'
Linking C executable cmTC_294aa.exe
/usr/bin/cmake -E cmake_link_script CMakeFiles/cmTC_294aa.dir/link.txt --verbose=1
/usr/bin/cmake -E rm -f CMakeFiles/cmTC_294aa.dir/objects.a
/usr/bin/x86_64-w64-mingw32-ar qc CMakeFiles/cmTC_294aa.dir/objects.a @CMakeFiles/cmTC_294aa.dir/objects1.rsp
/usr/bin/x86_64-w64-mingw32-gcc  -v -Wl,--whole-archive CMakeFiles/cmTC_294aa.dir/objects.a -Wl,--no-whole-archive -o cmTC_294aa.exe -Wl,--out-implib,libcmTC_294aa.dll.a -Wl,--major-image-version,0,--minor-image-version,0 
Using built-in specs.
COLLECT_GCC=/usr/bin/x86_64-w64-mingw32-gcc
COLLECT_LTO_WRAPPER=/usr/lib/gcc/x86_64-w64-mingw32/10-win32/lto-wrapper
Target: x86_64-w64-mingw32
Configured with: ../../src/configure --build=x86_64-linux-gnu --prefix=/usr --includedir='/usr/include' --mandir='/usr/share/man' --infodir='/usr/share/info' --sysconfdir=/etc --localstatedir=/var --disable-option-checking --disable-silent-rules --libdir='/usr/lib/x86_64-linux-gnu' --libexecdir='/usr/lib/x86_64-linux-gnu' --disable-maintainer-mode --disable-dependency-tracking --prefix=/usr --enable-shared --enable-static --disable-multilib --with-system-zlib --libexecdir=/usr/lib --without-included-gettext --libdir=/usr/lib --enable-libstdcxx-time=yes --with-tune=generic --with-headers --enable-version-specific-runtime-libs --enable-fully-dynamic-string --enable-libgomp --enable-languages=c,c++,fortran,objc,obj-c++,ada --enable-lto --enable-threads=win32 --program-suffix=-win32 --program-prefix=x86_64-w64-mingw32- --target=x86_64-w64-mingw32 --with-as=/usr/bin/x86_64-w64-mingw32-as --with-ld=/usr/bin/x86_64-w64-mingw32-ld --enable-libatomic --enable-libstdcxx-filesystem-ts=yes --enable-dependency-tracking SED=/bin/sed
Thread model: win32
Supported LTO compression algorithms: zlib
gcc version 10-win32 20220113 (GCC) 
COMPILER_PATH=/usr/lib/gcc/x86_64-w64-mingw32/10-win32/:/usr/lib/gcc/x86_64-w64-mingw32/10-win32/:/usr/lib/gcc/x86_64-w64-mingw32/:/usr/lib/gcc/x86_64-w64-mingw32/10-win32/:/usr/lib/gcc/x86_64-w64-mingw32/:/usr/lib/gcc/x86_64-w64-mingw32/10-win32/../../../../x86_64-w64-mingw32/bin/
LIBRARY_PATH=/usr/lib/gcc/x86_64-w64-mingw32/10-win32/:/usr/lib/gcc/x86_64-w64-mingw32/10-win32/../../../../x86_64-w64-mingw32/lib/
COLLECT_GCC_OPTIONS='-v' '-o' 'cmTC_294aa.exe' '-mtune=generic' '-march=x86-64'
 /usr/lib/gcc/x86_64-w64-mingw32/10-win32/collect2 -plugin /usr/lib/gcc/x86_64-w64-mingw32/10-win32/liblto_plugin.so -plugin-opt=/usr/lib/gcc/x86_64-w64-mingw32/10-win32/lto-wrapper -plugin-opt=-fresolution=/tmp/ccL1rSXy.res -plugin-opt=-pass-through=-lmingw32 -plugin-opt=-pass-through=-lgcc -plugin-opt=-pass-through=-lgcc_eh -plugin-opt=-pass-through=-lmoldname -plugin-opt=-pass-through=-lmingwex -plugin-opt=-pass-through=-lmsvcrt -plugin-opt=-pass-through=-ladvapi32 -plugin-opt=-pass-through=-lshell32 -plugin-opt=-pass-through=-luser32 -plugin-opt=-pass-through=-lkernel32 -plugin-opt=-pass-through=-lmingw32 -plugin-opt=-pass-through=-lgcc -plugin-opt=-pass-through=-lgcc_eh -plugin-opt=-pass-through=-lmoldname -plugin-opt=-pass-through=-lmingwex -plugin-opt=-pass-through=-lmsvcrt -m i386pep -Bdynamic -o cmTC_294aa.exe /usr/lib/gcc/x86_64-w64-mingw32/10-win32/../../../../x86_64-w64-mingw32/lib/crt2.o /usr/lib/gcc/x86_64-w64-mingw32/10-win32/crtbegin.o -L/usr/lib/gcc/x86_64-w64-mingw32/10-win32 -L/usr/lib/gcc/x86_64-w64-mingw32/10-win32/../../../../x86_64-w64-mingw32/lib --whole-archive CMakeFiles/cmTC_294aa.dir/objects.a --no-whole-archive --out-implib libcmTC_294aa.dll.a --major-image-version 0 --minor-image-version 0 -lmingw32 -lgcc -lgcc_eh -lmoldname -lmingwex -lmsvcrt -ladvapi32 -lshell32 -luser32 -lkernel32 -lmingw32 -lgcc -lgcc_eh -lmoldname -lmingwex -lmsvcrt /usr/lib/gcc/x86_64-w64-mingw32/10-win32/crtend.o
COLLECT_GCC_OPTIONS='-v' '-o' 'cmTC_294aa.exe' '-mtune=generic' '-march=x86-64'
gmake[1]: Leaving directory '/home/titouan/titou_project/build_windows/CMakeFiles/CMakeTmp'



Parsed C implicit include dir info from above output: rv=done
  found start of include info
  found start of implicit include info
    add: [/usr/lib/gcc/x86_64-w64-mingw32/10-win32/include]
    add: [/usr/lib/gcc/x86_64-w64-mingw32/10-win32/include-fixed]
    add: [/usr/lib/gcc/x86_64-w64-mingw32/10-win32/../../../../x86_64-w64-mingw32/include]
  end of search list found
  collapse include dir [/usr/lib/gcc/x86_64-w64-mingw32/10-win32/include] ==> [/usr/lib/gcc/x86_64-w64-mingw32/10-win32/include]
  collapse include dir [/usr/lib/gcc/x86_64-w64-mingw32/10-win32/include-fixed] ==> [/usr/lib/gcc/x86_64-w64-mingw32/10-win32/include-fixed]
  collapse include dir [/usr/lib/gcc/x86_64-w64-mingw32/10-win32/../../../../x86_64-w64-mingw32/include] ==> [/usr/x86_64-w64-mingw32/include]
  implicit include dirs: [/usr/lib/gcc/x86_64-w64-mingw32/10-win32/include;/usr/lib/gcc/x86_64-w64-mingw32/10-win32/include-fixed;/usr/x86_64-w64-mingw32/include]


Parsed C implicit link information from above output:
  link line regex: [^( *|.*[/\])(x86_64-w64-mingw32-ld|CMAKE_LINK_STARTFILE-NOTFOUND|([^/\]+-)?ld|collect2)[^/\]*( |$)]
  ignore line: [Change Dir: /home/titouan/titou_project/build_windows/CMakeFiles/CMakeTmp]
  ignore line: []
  ignore line: [Run Build Command(s):/usr/bin/gmake -f Makefile cmTC_294aa/fast && /usr/bin/gmake  -f CMakeFiles/cmTC_294aa.dir/build.make CMakeFiles/cmTC_294aa.dir/build]
  ignore line: [gmake[1]: Entering directory '/home/titouan/titou_project/build_windows/CMakeFiles/CMakeTmp']
  ignore line: [Building C object CMakeFiles/cmTC_294aa.dir/CMakeCCompilerABI.c.obj]
  ignore line: [/usr/bin/x86_64-w64-mingw32-gcc   -v -o CMakeFiles/cmTC_294aa.dir/CMakeCCompilerABI.c.obj -c /usr/share/cmake-3.22/Modules/CMakeCCompilerABI.c]
  ignore line: [Using built-in specs.]
  ignore line: [COLLECT_GCC=/usr/bin/x86_64-w64-mingw32-gcc]
  ignore line: [Target: x86_64-w64-mingw32]
  ignore line: [Configured with: ../../src/configure --build=x86_64-linux-gnu --prefix=/usr --includedir='/usr/include' --mandir='/usr/share/man' --infodir='/usr/share/info' --sysconfdir=/etc --localstatedir=/var --disable-option-checking --disable-silent-rules --libdir='/usr/lib/x86_64-linux-gnu' --libexecdir='/usr/lib/x86_64-linux-gnu' --disable-maintainer-mode --disable-dependency-tracking --prefix=/usr --enable-shared --enable-static --disable-multilib --with-system-zlib --libexecdir=/usr/lib --without-included-gettext --libdir=/usr/lib --enable-libstdcxx-time=yes --with-tune=generic --with-headers --enable-version-specific-runtime-libs --enable-fully-dynamic-string --enable-libgomp --enable-languages=c,c++,fortran,objc,obj-c++,ada --enable-lto --enable-threads=win32 --program-suffix=-win32 --program-prefix=x86_64-w64-mingw32- --target=x86_64-w64-mingw32 --with-as=/usr/bin/x86_64-w64-mingw32-as --with-ld=/usr/bin/x86_64-w64-mingw32-ld --enable-libatomic --enable-libstdcxx-filesystem-ts=yes --enable-dependency-tracking SED=/bin/sed]
  ignore line: [Thread model: win32]
  ignore line: [Supported LTO compression algorithms: zlib]
  ignore line: [gcc version 10-win32 20220113 (GCC) ]
  ignore line: [COLLECT_GCC_OPTIONS='-v' '-o' 'CMakeFiles/cmTC_294aa.dir/CMakeCCompilerABI.c.obj' '-c' '-mtune=generic' '-march=x86-64']
  ignore line: [ /usr/lib/gcc/x86_64-w64-mingw32/10-win32/cc1 -quiet -v -U_REENTRANT /usr/share/cmake-3.22/Modules/CMakeCCompilerABI.c -quiet -dumpbase CMakeCCompilerABI.c -mtune=generic -march=x86-64 -auxbase-strip CMakeFiles/cmTC_294aa.dir/CMakeCCompilerABI.c.obj -version -o /tmp/ccEiQ9IT.s]
  ignore line: [GNU C17 (GCC) version 10-win32 20220113 (x86_64-w64-mingw32)]
  ignore line: [	compiled by GNU C version 10.3.0  GMP version 6.2.1  MPFR version 4.1.0  MPC version 1.2.1  isl version isl-0.24-GMP]
  ignore line: []
  ignore line: [GGC heuristics: --param ggc-min-expand=100 --param ggc-min-heapsize=131072]
  ignore line: [ignoring nonexistent directory "/usr/lib/gcc/x86_64-w64-mingw32/10-win32/../../../../x86_64-w64-mingw32/sys-include"]
  ignore line: [#include "..." search starts here:]
  ignore line: [#include <...> search starts here:]
  ignore line: [ /usr/lib/gcc/x86_64-w64-mingw32/10-win32/include]
  ignore line: [ /usr/lib/gcc/x86_64-w64-mingw32/10-win32/include-fixed]
  ignore line: [ /usr/lib/gcc/x86_64-w64-mingw32/10-win32/../../../../x86_64-w64-mingw32/include]
  ignore line: [End of search list.]
  ignore line: [GNU C17 (GCC) version 10-win32 20220113 (x86_64-w64-mingw32)]
  ignore line: [	compiled by GNU C version 10.3.0  GMP version 6.2.1  MPFR version 4.1.0  MPC version 1.2.1  isl version isl-0.24-GMP]
  ignore line: []
  ignore line: [GGC heuristics: --param ggc-min-expand=100 --param ggc-min-heapsize=131072]
  ignore line: [Compiler executable checksum: 540c311885c0710cac74cf12fb1ae6c1]
  ignore line: [COLLECT_GCC_OPTIONS='-v' '-o' 'CMakeFiles/cmTC_294aa.dir/CMakeCCompilerABI.c.obj' '-c' '-mtune=generic' '-march=x86-64']
  ignore line: [ /usr/bin/x86_64-w64-mingw32-as -v -o CMakeFiles/cmTC_294aa.dir/CMakeCCompilerABI.c.obj /tmp/ccEiQ9IT.s]
  ignore line: [GNU assembler version 2.38 (x86_64-w64-mingw32) using BFD version (GNU Binutils) 2.38]
  ignore line: [COMPILER_PATH=/usr/lib/gcc/x86_64-w64-mingw32/10-win32/:/usr/lib/gcc/x86_64-w64-mingw32/10-win32/:/usr/lib/gcc/x86_64-w64-mingw32/:/usr/lib/gcc/x86_64-w64-mingw32/10-win32/:/usr/lib/gcc/x86_64-w64-mingw32/:/usr/lib/gcc/x86_64-w64-mingw32/10-win32/../../../../x86_64-w64-mingw32/bin/]
  ignore line: [LIBRARY_PATH=/usr/lib/gcc/x86_64-w64-mingw32/10-win32/:/usr/lib/gcc/x86_64-w64-mingw32/10-win32/../../../../x86_64-w64-mingw32/lib/]
  ignore line: [COLLECT_GCC_OPTIONS='-v' '-o' 'CMakeFiles/cmTC_294aa.dir/CMakeCCompilerABI.c.obj' '-c' '-mtune=generic' '-march=x86-64']
  ignore line: [Linking C executable cmTC_294aa.exe]
  ignore line: [/usr/bin/cmake -E cmake_link_script CMakeFiles/cmTC_294aa.dir/link.txt --verbose=1]
  ignore line: [/usr/bin/cmake -E rm -f CMakeFiles/cmTC_294aa.dir/objects.a]
  ignore line: [/usr/bin/x86_64-w64-mingw32-ar qc CMakeFiles/cmTC_294aa.dir/objects.a @CMakeFiles/cmTC_294aa.dir/objects1.rsp]
  ignore line: [/usr/bin/x86_64-w64-mingw32-gcc  -v -Wl --whole-archive CMakeFiles/cmTC_294aa.dir/objects.a -Wl --no-whole-archive -o cmTC_294aa.exe -Wl --out-implib libcmTC_294aa.dll.a -Wl --major-image-version 0 --minor-image-version 0 ]
  ignore line: [Using built-in specs.]
  ignore line: [COLLECT_GCC=/usr/bin/x86_64-w64-mingw32-gcc]
  ignore line: [COLLECT_LTO_WRAPPER=/usr/lib/gcc/x86_64-w64-mingw32/10-win32/lto-wrapper]
  ignore line: [Target: x86_64-w64-mingw32]
  ignore line: [Configured with: ../../src/configure --build=x86_64-linux-gnu --prefix=/usr --includedir='/usr/include' --mandir='/usr/share/man' --infodir='/usr/share/info' --sysconfdir=/etc --localstatedir=/var --disable-option-checking --disable-silent-rules --libdir='/usr/lib/x86_64-linux-gnu' --libexecdir='/usr/lib/x86_64-linux-gnu' --disable-maintainer-mode --disable-dependency-tracking --prefix=/usr --enable-shared --enable-static --disable-multilib --with-system-zlib --libexecdir=/usr/lib --without-included-gettext --libdir=/usr/lib --enable-libstdcxx-time=yes --with-tune=generic --with-headers --enable-version-specific-runtime-libs --enable-fully-dynamic-string --enable-libgomp --enable-languages=c,c++,fortran,objc,obj-c++,ada --enable-lto --enable-threads=win32 --program-suffix=-win32 --program-prefix=x86_64-w64-mingw32- --target=x86_64-w64-mingw32 --with-as=/usr/bin/x86_64-w64-mingw32-as --with-ld=/usr/bin/x86_64-w64-mingw32-ld --enable-libatomic --enable-libstdcxx-filesystem-ts=yes --enable-dependency-tracking SED=/bin/sed]
  ignore line: [Thread model: win32]
  ignore line: [Supported LTO compression algorithms: zlib]
  ignore line: [gcc version 10-win32 20220113 (GCC) ]
  ignore line: [COMPILER_PATH=/usr/lib/gcc/x86_64-w64-mingw32/10-win32/:/usr/lib/gcc/x86_64-w64-mingw32/10-win32/:/usr/lib/gcc/x86_64-w64-mingw32/:/usr/lib/gcc/x86_64-w64-mingw32/10-win32/:/usr/lib/gcc/x86_64-w64-mingw32/:/usr/lib/gcc/x86_64-w64-mingw32/10-win32/../../../../x86_64-w64-mingw32/bin/]
  ignore line: [LIBRARY_PATH=/usr/lib/gcc/x86_64-w64-mingw32/10-win32/:/usr/lib/gcc/x86_64-w64-mingw32/10-win32/../../../../x86_64-w64-mingw32/lib/]
  ignore line: [COLLECT_GCC_OPTIONS='-v' '-o' 'cmTC_294aa.exe' '-mtune=generic' '-march=x86-64']
  link line: [ /usr/lib/gcc/x86_64-w64-mingw32/10-win32/collect2 -plugin /usr/lib/gcc/x86_64-w64-mingw32/10-win32/liblto_plugin.so -plugin-opt=/usr/lib/gcc/x86_64-w64-mingw32/10-win32/lto-wrapper -plugin-opt=-fresolution=/tmp/ccL1rSXy.res -plugin-opt=-pass-through=-lmingw32 -plugin-opt=-pass-through=-lgcc -plugin-opt=-pass-through=-lgcc_eh -plugin-opt=-pass-through=-lmoldname -plugin-opt=-pass-through=-lmingwex -plugin-opt=-pass-through=-lmsvcrt -plugin-opt=-pass-through=-ladvapi32 -plugin-opt=-pass-through=-lshell32 -plugin-opt=-pass-through=-luser32 -plugin-opt=-pass-through=-lkernel32 -plugin-opt=-pass-through=-lmingw32 -plugin-opt=-pass-through=-lgcc -plugin-opt=-pass-through=-lgcc_eh -plugin-opt=-pass-through=-lmoldname -plugin-opt=-pass-through=-lmingwex -plugin-opt=-pass-through=-lmsvcrt -m i386pep -Bdynamic -o cmTC_294aa.exe /usr/lib/gcc/x86_64-w64-mingw32/10-win32/../../../../x86_64-w64-mingw32/lib/crt2.o /usr/lib/gcc/x86_64-w64-mingw32/10-win32/crtbegin.o -L/usr/lib/gcc/x86_64-w64-mingw32/10-win32 -L/usr/lib/gcc/x86_64-w64-mingw32/10-win32/../../../../x86_64-w64-mingw32/lib --whole-archive CMakeFiles/cmTC_294aa.dir/objects.a --no-whole-archive --out-implib libcmTC_294aa.dll.a --major-image-version 0 --minor-image-version 0 -lmingw32 -lgcc -lgcc_eh -lmoldname -lmingwex -lmsvcrt -ladvapi32 -lshell32 -luser32 -lkernel32 -lmingw32 -lgcc -lgcc_eh -lmoldname -lmingwex -lmsvcrt /usr/lib/gcc/x86_64-w64-mingw32/10-win32/crtend.o]
    arg [/usr/lib/gcc/x86_64-w64-mingw32/10-win32/collect2] ==> ignore
    arg [-plugin] ==> ignore
    arg [/usr/lib/gcc/x86_64-w64-mingw32/10-win32/liblto_plugin.so] ==> ignore
    arg [-plugin-opt=/usr/lib/gcc/x86_64-w64-mingw32/10-win32/lto-wrapper] ==> ignore
    arg [-plugin-opt=-fresolution=/tmp/ccL1rSXy.res] ==> ignore
    arg [-plugin-opt=-pass-through=-lmingw32] ==> ignore
    arg [-plugin-opt=-pass-through=-lgcc] ==> ignore
    arg [-plugin-opt=-pass-through=-lgcc_eh] ==> ignore
    arg [-plugin-opt=-pass-through=-lmoldname] ==> ignore
    arg [-plugin-opt=-pass-through=-lmingwex] ==> ignore
    arg [-plugin-opt=-pass-through=-lmsvcrt] ==> ignore
    arg [-plugin-opt=-pass-through=-ladvapi32] ==> ignore
    arg [-plugin-opt=-pass-through=-lshell32] ==> ignore
    arg [-plugin-opt=-pass-through=-luser32] ==> ignore
    arg [-plugin-opt=-pass-through=-lkernel32] ==> ignore
    arg [-plugin-opt=-pass-through=-lmingw32] ==> ignore
    arg [-plugin-opt=-pass-through=-lgcc] ==> ignore
    arg [-plugin-opt=-pass-through=-lgcc_eh] ==> ignore
    arg [-plugin-opt=-pass-through=-lmoldname] ==> ignore
    arg [-plugin-opt=-pass-through=-lmingwex] ==> ignore
    arg [-plugin-opt=-pass-through=-lmsvcrt] ==> ignore
    arg [-m] ==> ignore
    arg [i386pep] ==> ignore
    arg [-Bdynamic] ==> search dynamic
    arg [-o] ==> ignore
    arg [cmTC_294aa.exe] ==> ignore
    arg [/usr/lib/gcc/x86_64-w64-mingw32/10-win32/../../../../x86_64-w64-mingw32/lib/crt2.o] ==> obj [/usr/lib/gcc/x86_64-w64-mingw32/10-win32/../../../../x86_64-w64-mingw32/lib/crt2.o]
    arg [/usr/lib/gcc/x86_64-w64-mingw32/10-win32/crtbegin.o] ==> obj [/usr/lib/gcc/x86_64-w64-mingw32/10-win32/crtbegin.o]
    arg [-L/usr/lib/gcc/x86_64-w64-mingw32/10-win32] ==> dir [/usr/lib/gcc/x86_64-w64-mingw32/10-win32]
    arg [-L/usr/lib/gcc/x86_64-w64-mingw32/10-win32/../../../../x86_64-w64-mingw32/lib] ==> dir [/usr/lib/gcc/x86_64-w64-mingw32/10-win32/../../../../x86_64-w64-mingw32/lib]
    arg [--whole-archive] ==> ignore
    arg [CMakeFiles/cmTC_294aa.dir/objects.a] ==> ignore
    arg [--no-whole-archive] ==> ignore
    arg [--out-implib] ==> ignore
    arg [libcmTC_294aa.dll.a] ==> ignore
    arg [--major-image-version] ==> ignore
    arg [0] ==> ignore
    arg [--minor-image-version] ==> ignore
    arg [0] ==> ignore
    arg [-lmingw32] ==> lib [mingw32]
    arg [-lgcc] ==> lib [gcc]
    arg [-lgcc_eh] ==> lib [gcc_eh]
    arg [-lmoldname] ==> lib [moldname]
    arg [-lmingwex] ==> lib [mingwex]
    arg [-lmsvcrt] ==> lib [msvcrt]
    arg [-ladvapi32] ==> lib [advapi32]
    arg [-lshell32] ==> lib [shell32]
    arg [-luser32] ==> lib [user32]
    arg [-lkernel32] ==> lib [kernel32]
    arg [-lmingw32] ==> lib [mingw32]
    arg [-lgcc] ==> lib [gcc]
    arg [-lgcc_eh] ==> lib [gcc_eh]
    arg [-lmoldname] ==> lib [moldname]
    arg [-lmingwex] ==> lib [mingwex]
    arg [-lmsvcrt] ==> lib [msvcrt]
    arg [/usr/lib/gcc/x86_64-w64-mingw32/10-win32/crtend.o] ==> obj [/usr/lib/gcc/x86_64-w64-mingw32/10-win32/crtend.o]
  remove lib [gcc_eh]
  remove lib [msvcrt]
  remove lib [gcc_eh]
  remove lib [msvcrt]
  collapse obj [/usr/lib/gcc/x86_64-w64-mingw32/10-win32/../../../../x86_64-w64-mingw32/lib/crt2.o] ==> [/usr/x86_64-w64-mingw32/lib/crt2.o]
  collapse library dir [/usr/lib/gcc/x86_64-w64-mingw32/10-win32] ==> [/usr/lib/gcc/x86_64-w64-mingw32/10-win32]
  collapse library dir [/usr/lib/gcc/x86_64-w64-mingw32/10-win32/../../../../x86_64-w64-mingw32/lib] ==> [/usr/x86_64-w64-mingw32/lib]
  implicit libs: [mingw32;gcc;moldname;mingwex;advapi32;shell32;user32;kernel32;mingw32;gcc;moldname;mingwex]
  implicit objs: [/usr/x86_64-w64-mingw32/lib/crt2.o;/usr/lib/gcc/x86_64-w64-mingw32/10-win32/crtbegin.o;/usr/lib/gcc/x86_64-w64-mingw32/10-win32/crtend.o]
  implicit dirs: [/usr/lib/gcc/x86_64-w64-mingw32/10-win32;/usr/x86_64-w64-mingw32/lib]
  implicit fwks: []


Determining if the include file pthread.h exists passed with the following output:
Change Dir: /home/titouan/titou_project/build_windows/CMakeFiles/CMakeTmp

Run Build Command(s):/usr/bin/gmake -f Makefile cmTC_06bf2/fast && /usr/bin/gmake  -f CMakeFiles/cmTC_06bf2.dir/build.make CMakeFiles/cmTC_06bf2.dir/build
gmake[1]: Entering directory '/home/titouan/titou_project/build_windows/CMakeFiles/CMakeTmp'
Building C object CMakeFiles/cmTC_06bf2.dir/CheckIncludeFile.c.obj
/usr/bin/x86_64-w64-mingw32-gcc    -o CMakeFiles/cmTC_06bf2.dir/CheckIncludeFile.c.obj -c /home/titouan/titou_project/build_windows/CMakeFiles/CMakeTmp/CheckIncludeFile.c
Linking C executable cmTC_06bf2.exe
/usr/bin/cmake -E cmake_link_script CMakeFiles/cmTC_06bf2.dir/link.txt --verbose=1
/usr/bin/cmake -E rm -f CMakeFiles/cmTC_06bf2.dir/objects.a
/usr/bin/x86_64-w64-mingw32-ar qc CMakeFiles/cmTC_06bf2.dir/objects.a @CMakeFiles/cmTC_06bf2.dir/objects1.rsp
/usr/bin/x86_64-w64-mingw32-gcc -Wl,--whole-archive CMakeFiles/cmTC_06bf2.dir/objects.a -Wl,--no-whole-archive -o cmTC_06bf2.exe -Wl,--out-implib,libcmTC_06bf2.dll.a -Wl,--major-image-version,0,--minor-image-version,0 @CMakeFiles/cmTC_06bf2.dir/linklibs.rsp
gmake[1]: Leaving directory '/home/titouan/titou_project/build_windows/CMakeFiles/CMakeTmp'



Determining if the function pthread_create exists in the pthread passed with the following output:
Change Dir: /home/titouan/titou_project/build_windows/CMakeFiles/CMakeTmp

Run Build Command(s):/usr/bin/gmake -f Makefile cmTC_38538/fast && /usr/bin/gmake  -f CMakeFiles/cmTC_38538.dir/build.make CMakeFiles/cmTC_38538.dir/build
gmake[1]: Entering directory '/home/titouan/titou_project/build_windows/CMakeFiles/CMakeTmp'
Building C object CMakeFiles/cmTC_38538.dir/CheckFunctionExists.c.obj
/usr/bin/x86_64-w64-mingw32-gcc   -DCHECK_FUNCTION_EXISTS=pthread_create -o CMakeFiles/cmTC_38538.dir/CheckFunctionExists.c.obj -c /usr/share/cmake-3.22/Modules/CheckFunctionExists.c
Linking C executable cmTC_38538.exe
/usr/bin/cmake -E cmake_link_script CMakeFiles/cmTC_38538.dir/link.txt --verbose=1
/usr/bin/cmake -E rm -f CMakeFiles/cmTC_38538.dir/objects.a
/usr/bin/x86_64-w64-mingw32-ar qc CMakeFiles/cmTC_38538.dir/objects.a @CMakeFiles/cmTC_38538.dir/objects1.rsp
/usr/bin/x86_64-w64-mingw32-gcc  -DCHECK_FUNCTION_EXISTS=pthread_create -Wl,--whole-archive CMakeFiles/cmTC_38538.dir/objects.a -Wl,--no-whole-archive -o cmTC_38538.exe -Wl,--out-implib,libcmTC_38538.dll.a -Wl,--major-image-version,0,--minor-image-version,0 @CMakeFiles/cmTC_38538.dir/linklibs.rsp
gmake[1]: Leaving directory '/home/titouan/titou_project/build_windows/CMakeFiles/CMakeTmp'



Determining if the include file dinput.h exists passed with the following output:
Change Dir: /home/titouan/titou_project/build_windows/CMakeFiles/CMakeTmp

Run Build Command(s):/usr/bin/gmake -f Makefile cmTC_17e87/fast && /usr/bin/gmake  -f CMakeFiles/cmTC_17e87.dir/build.make CMakeFiles/cmTC_17e87.dir/build
gmake[1]: Entering directory '/home/titouan/titou_project/build_windows/CMakeFiles/CMakeTmp'
Building C object CMakeFiles/cmTC_17e87.dir/CheckIncludeFile.c.obj
/usr/bin/x86_64-w64-mingw32-gcc    -o CMakeFiles/cmTC_17e87.dir/CheckIncludeFile.c.obj -c /home/titouan/titou_project/build_windows/CMakeFiles/CMakeTmp/CheckIncludeFile.c
Linking C executable cmTC_17e87.exe
/usr/bin/cmake -E cmake_link_script CMakeFiles/cmTC_17e87.dir/link.txt --verbose=1
/usr/bin/cmake -E rm -f CMakeFiles/cmTC_17e87.dir/objects.a
/usr/bin/x86_64-w64-mingw32-ar qc CMakeFiles/cmTC_17e87.dir/objects.a @CMakeFiles/cmTC_17e87.dir/objects1.rsp
/usr/bin/x86_64-w64-mingw32-gcc -Wl,--whole-archive CMakeFiles/cmTC_17e87.dir/objects.a -Wl,--no-whole-archive -o cmTC_17e87.exe -Wl,--out-implib,libcmTC_17e87.dll.a -Wl,--major-image-version,0,--minor-image-version,0 @CMakeFiles/cmTC_17e87.dir/linklibs.rsp
gmake[1]: Leaving directory '/home/titouan/titou_project/build_windows/CMakeFiles/CMakeTmp'



Determining if the include file xinput.h exists passed with the following output:
Change Dir: /home/titouan/titou_project/build_windows/CMakeFiles/CMakeTmp

Run Build Command(s):/usr/bin/gmake -f Makefile cmTC_f773b/fast && /usr/bin/gmake  -f CMakeFiles/cmTC_f773b.dir/build.make CMakeFiles/cmTC_f773b.dir/build
gmake[1]: Entering directory '/home/titouan/titou_project/build_windows/CMakeFiles/CMakeTmp'
Building C object CMakeFiles/cmTC_f773b.dir/CheckIncludeFile.c.obj
/usr/bin/x86_64-w64-mingw32-gcc    -o CMakeFiles/cmTC_f773b.dir/CheckIncludeFile.c.obj -c /home/titouan/titou_project/build_windows/CMakeFiles/CMakeTmp/CheckIncludeFile.c
Linking C executable cmTC_f773b.exe
/usr/bin/cmake -E cmake_link_script CMakeFiles/cmTC_f773b.dir/link.txt --verbose=1
/usr/bin/cmake -E rm -f CMakeFiles/cmTC_f773b.dir/objects.a
/usr/bin/x86_64-w64-mingw32-ar qc CMakeFiles/cmTC_f773b.dir/objects.a @CMakeFiles/cmTC_f773b.dir/objects1.rsp
/usr/bin/x86_64-w64-mingw32-gcc -Wl,--whole-archive CMakeFiles/cmTC_f773b.dir/objects.a -Wl,--no-whole-archive -o cmTC_f773b.exe -Wl,--out-implib,libcmTC_f773b.dll.a -Wl,--major-image-version,0,--minor-image-version,0 @CMakeFiles/cmTC_f773b.dir/linklibs.rsp
gmake[1]: Leaving directory '/home/titouan/titou_project/build_windows/CMakeFiles/CMakeTmp'



Performing C SOURCE FILE Test _GLFW_HAS_DEP succeeded with the following output:
Change Dir: /home/titouan/titou_project/build_windows/CMakeFiles/CMakeTmp

Run Build Command(s):/usr/bin/gmake -f Makefile cmTC_77d61/fast && /usr/bin/gmake  -f CMakeFiles/cmTC_77d61.dir/build.make CMakeFiles/cmTC_77d61.dir/build
gmake[1]: Entering directory '/home/titouan/titou_project/build_windows/CMakeFiles/CMakeTmp'
Building C object CMakeFiles/cmTC_77d61.dir/src.c.obj
/usr/bin/x86_64-w64-mingw32-gcc -D_GLFW_HAS_DEP  -Wl,--nxcompat -o CMakeFiles/cmTC_77d61.dir/src.c.obj -c /home/titouan/titou_project/build_windows/CMakeFiles/CMakeTmp/src.c
Linking C executable cmTC_77d61.exe
/usr/bin/cmake -E cmake_link_script CMakeFiles/cmTC_77d61.dir/link.txt --verbose=1
/usr/bin/cmake -E rm -f CMakeFiles/cmTC_77d61.dir/objects.a
/usr/bin/x86_64-w64-mingw32-ar qc CMakeFiles/cmTC_77d61.dir/objects.a @CMakeFiles/cmTC_77d61.dir/objects1.rsp
/usr/bin/x86_64-w64-mingw32-gcc  -Wl,--nxcompat -Wl,--whole-archive CMakeFiles/cmTC_77d61.dir/objects.a -Wl,--no-whole-archive -o cmTC_77d61.exe -Wl,--out-implib,libcmTC_77d61.dll.a -Wl,--major-image-version,0,--minor-image-version,0 @CMakeFiles/cmTC_77d61.dir/linklibs.rsp
gmake[1]: Leaving directory '/home/titouan/titou_project/build_windows/CMakeFiles/CMakeTmp'


Source file was:
int main(void) { return 0; }
Performing C SOURCE FILE Test _GLFW_HAS_ASLR succeeded with the following output:
Change Dir: /home/titouan/titou_project/build_windows/CMakeFiles/CMakeTmp

Run Build Command(s):/usr/bin/gmake -f Makefile cmTC_4c555/fast && /usr/bin/gmake  -f CMakeFiles/cmTC_4c555.dir/build.make CMakeFiles/cmTC_4c555.dir/build
gmake[1]: Entering directory '/home/titouan/titou_project/build_windows/CMakeFiles/CMakeTmp'
Building C object CMakeFiles/cmTC_4c555.dir/src.c.obj
/usr/bin/x86_64-w64-mingw32-gcc -D_GLFW_HAS_ASLR  -Wl,--dynamicbase -o CMakeFiles/cmTC_4c555.dir/src.c.obj -c /home/titouan/titou_project/build_windows/CMakeFiles/CMakeTmp/src.c
Linking C executable cmTC_4c555.exe
/usr/bin/cmake -E cmake_link_script CMakeFiles/cmTC_4c555.dir/link.txt --verbose=1
/usr/bin/cmake -E rm -f CMakeFiles/cmTC_4c555.dir/objects.a
/usr/bin/x86_64-w64-mingw32-ar qc CMakeFiles/cmTC_4c555.dir/objects.a @CMakeFiles/cmTC_4c555.dir/objects1.rsp
/usr/bin/x86_64-w64-mingw32-gcc  -Wl,--dynamicbase -Wl,--whole-archive CMakeFiles/cmTC_4c555.dir/objects.a -Wl,--no-whole-archive -o cmTC_4c555.exe -Wl,--out-implib,libcmTC_4c555.dll.a -Wl,--major-image-version,0,--minor-image-version,0 @CMakeFiles/cmTC_4c555.dir/linklibs.rsp
gmake[1]: Leaving directory '/home/titouan/titou_project/build_windows/CMakeFiles/CMakeTmp'


Source file was:
int main(void) { return 0; }
Performing C SOURCE FILE Test _GLFW_HAS_64ASLR succeeded with the following output:
Change Dir: /home/titouan/titou_project/build_windows/CMakeFiles/CMakeTmp

Run Build Command(s):/usr/bin/gmake -f Makefile cmTC_7a0de/fast && /usr/bin/gmake  -f CMakeFiles/cmTC_7a0de.dir/build.make CMakeFiles/cmTC_7a0de.dir/build
gmake[1]: Entering directory '/home/titouan/titou_project/build_windows/CMakeFiles/CMakeTmp'
Building C object CMakeFiles/cmTC_7a0de.dir/src.c.obj
/usr/bin/x86_64-w64-mingw32-gcc -D_GLFW_HAS_64ASLR  -Wl,--high-entropy-va -o CMakeFiles/cmTC_7a0de.dir/src.c.obj -c /home/titouan/titou_project/build_windows/CMakeFiles/CMakeTmp/src.c
Linking C executable cmTC_7a0de.exe
/usr/bin/cmake -E cmake_link_script CMakeFiles/cmTC_7a0de.dir/link.txt --verbose=1
/usr/bin/cmake -E rm -f CMakeFiles/cmTC_7a0de.dir/objects.a
/usr/bin/x86_64-w64-mingw32-ar qc CMakeFiles/cmTC_7a0de.dir/objects.a @CMakeFiles/cmTC_7a0de.dir/objects1.rsp
/usr/bin/x86_64-w64-mingw32-gcc  -Wl,--high-entropy-va -Wl,--whole-archive CMakeFiles/cmTC_7a0de.dir/objects.a -Wl,--no-whole-archive -o cmTC_7a0de.exe -Wl,--out-implib,libcmTC_7a0de.dll.a -Wl,--major-image-version,0,--minor-image-version,0 @CMakeFiles/cmTC_7a0de.dir/linklibs.rsp
gmake[1]: Leaving directory '/home/titouan/titou_project/build_windows/CMakeFiles/CMakeTmp'


Source file was:
int main(void) { return 0; }
